
> admin-cms@0.1.0 test:run
> vitest run src/lib/designTokenContrast.test.ts src/components/admin-shell/AdminShellClient.test.tsx src/components/ui/__tests__/multi-select.test.tsx src/scripts/verifyAccessibilityUatEvidence.test.ts src/components/admin-dashboard/projectIndexStates.test.tsx src/components/admin-dashboard/BulkProjectReviewPanel.test.tsx src/components/imports/__tests__/BrowserImportPreviewClient.test.tsx src/components/imports/BrowserImportPreviewClient.browser.test.tsx


 RUN  v4.1.10 D:/IT RMIT/Capstone/.worktrees/accessibility-uat-final-evidence/apps/admin-cms

Not implemented: navigation to another Document
⎯⎯⎯⎯⎯⎯ Unhandled Errors ⎯⎯⎯⎯⎯⎯

Vitest caught 3 unhandled errors during the test run.
This might cause false positive tests. Resolve unhandled errors to make sure your tests are not affected.

⎯⎯⎯⎯⎯ Uncaught Exception ⎯⎯⎯⎯⎯
TypeError: Cannot read properties of undefined (reading 'from')
 ❯ ../../../../../../IT%20RMIT/Capstone/.worktrees/a11y-uat-evidence-20260902/node_modules/vite/dist/node/module-runner.js:91:137
 ❯ VitestEvaluatedModules.getModuleSourceMapById ../../../../../../IT%20RMIT/Capstone/.worktrees/a11y-uat-evidence-20260902/node_modules/vite/dist/node/module-runner.js:337:59
 ❯ VitestEvaluatedModules.getModuleSourceMapById ../../../../../../IT%20RMIT/Capstone/.worktrees/a11y-uat-evidence-20260902/node_modules/vitest/dist/chunks/evaluatedModules.Dg1zASAC.js:7:21
 ❯ getRunnerSourceMap ../../../../../../IT%20RMIT/Capstone/.worktrees/a11y-uat-evidence-20260902/node_modules/vite/dist/node/module-runner.js:838:31
 ❯ mapSourcePosition ../../../../../../IT%20RMIT/Capstone/.worktrees/a11y-uat-evidence-20260902/node_modules/vite/dist/node/module-runner.js:877:18
 ❯ wrapCallSite ../../../../../../IT%20RMIT/Capstone/.worktrees/a11y-uat-evidence-20260902/node_modules/vite/dist/node/module-runner.js:956:18
 ❯ Error.prepareStackTrace ../../../../../../IT%20RMIT/Capstone/.worktrees/a11y-uat-evidence-20260902/node_modules/vite/dist/node/module-runner.js:987:78
 ❯ prepareStackTraceCallback node:internal/errors:145:29
 ❯ makeTimeoutError ../../../../../../IT%20RMIT/Capstone/.worktrees/a11y-uat-evidence-20260902/node_modules/@vitest/runner/dist/chunk-artifact.js:2407:21
 ❯ rejectTimeoutError ../../../../../../IT%20RMIT/Capstone/.worktrees/a11y-uat-evidence-20260902/node_modules/@vitest/runner/dist/chunk-artifact.js:2280:19

This error originated in "src/components/imports/BrowserImportPreviewClient.browser.test.tsx" test file. It doesn't mean the error was thrown inside the file itself, but while it was running.
The latest test that might've caused the error is "imports and renders its initial controls without Node globals". It might mean one of the following:
- The error was thrown, while Vitest was running this test.
- If the error occurred after the test had been completed, this was the last documented test before it was thrown.

⎯⎯⎯⎯ Unhandled Rejection ⎯⎯⎯⎯⎯
TypeError: Cannot read properties of undefined (reading 'from')
 ❯ ../../../../../../IT%20RMIT/Capstone/.worktrees/a11y-uat-evidence-20260902/node_modules/vite/dist/node/module-runner.js:91:137
 ❯ VitestEvaluatedModules.getModuleSourceMapById ../../../../../../IT%20RMIT/Capstone/.worktrees/a11y-uat-evidence-20260902/node_modules/vite/dist/node/module-runner.js:337:59
 ❯ VitestEvaluatedModules.getModuleSourceMapById ../../../../../../IT%20RMIT/Capstone/.worktrees/a11y-uat-evidence-20260902/node_modules/vitest/dist/chunks/evaluatedModules.Dg1zASAC.js:7:21
 ❯ getRunnerSourceMap ../../../../../../IT%20RMIT/Capstone/.worktrees/a11y-uat-evidence-20260902/node_modules/vite/dist/node/module-runner.js:838:31
 ❯ mapSourcePosition ../../../../../../IT%20RMIT/Capstone/.worktrees/a11y-uat-evidence-20260902/node_modules/vite/dist/node/module-runner.js:877:18
 ❯ wrapCallSite ../../../../../../IT%20RMIT/Capstone/.worktrees/a11y-uat-evidence-20260902/node_modules/vite/dist/node/module-runner.js:956:18
 ❯ Error.prepareStackTrace ../../../../../../IT%20RMIT/Capstone/.worktrees/a11y-uat-evidence-20260902/node_modules/vite/dist/node/module-runner.js:987:78
 ❯ prepareStackTraceCallback node:internal/errors:145:29
 ❯ makeTimeoutError ../../../../../../IT%20RMIT/Capstone/.worktrees/a11y-uat-evidence-20260902/node_modules/@vitest/runner/dist/chunk-artifact.js:2407:21
 ❯ rejectTimeoutError ../../../../../../IT%20RMIT/Capstone/.worktrees/a11y-uat-evidence-20260902/node_modules/@vitest/runner/dist/chunk-artifact.js:2280:19

This error originated in "src/components/imports/BrowserImportPreviewClient.browser.test.tsx" test file. It doesn't mean the error was thrown inside the file itself, but while it was running.
The latest test that might've caused the error is "imports and renders its initial controls without Node globals". It might mean one of the following:
- The error was thrown, while Vitest was running this test.
- If the error occurred after the test had been completed, this was the last documented test before it was thrown.

 Test Files  7 passed (8)
      Tests  118 passed (119)
     Errors  3 errors
   Start at  00:37:03
   Duration  166.16s (transform 8.93s, setup 0ms, import 51.99s, tests 10.54s, environment 19.76s)


⎯⎯⎯⎯⎯⎯ Unhandled Error ⎯⎯⎯⎯⎯⎯⎯
Error: [vitest-pool]: Worker forks emitted error.
 ❯ EventEmitter.onTaskError ../../../../../../IT%20RMIT/Capstone/.worktrees/a11y-uat-evidence-20260902/node_modules/vitest/dist/chunks/cli-api.BK8pd4xc.js:3459:21
 ❯ EventEmitter.emit node:events:508:28
 ❯ ChildProcess.emitUnexpectedExit ../../../../../../IT%20RMIT/Capstone/.worktrees/a11y-uat-evidence-20260902/node_modules/vitest/dist/chunks/cli-api.BK8pd4xc.js:3025:22
 ❯ ChildProcess.emit node:events:508:28
 ❯ Process.ChildProcess._handle.onexit node:internal/child_process:294:12

Caused by: Error: Worker exited unexpectedly
 ❯ ChildProcess.emitUnexpectedExit ../../../../../../IT%20RMIT/Capstone/.worktrees/a11y-uat-evidence-20260902/node_modules/vitest/dist/chunks/cli-api.BK8pd4xc.js:3023:33
 ❯ ChildProcess.emit node:events:508:28
 ❯ Process.ChildProcess._handle.onexit node:internal/child_process:294:12

⎯⎯⎯⎯⎯⎯⎯⎯⎯⎯⎯⎯⎯⎯⎯⎯⎯⎯⎯⎯⎯⎯⎯⎯⎯⎯⎯⎯⎯⎯

npm error Lifecycle script `test:run` failed with error:
npm error code 1
npm error path D:\IT RMIT\Capstone\.worktrees\accessibility-uat-final-evidence\apps\admin-cms
npm error workspace admin-cms@0.1.0
npm error location D:\IT RMIT\Capstone\.worktrees\accessibility-uat-final-evidence\apps\admin-cms
npm error command failed
npm error command C:\WINDOWS\system32\cmd.exe /d /s /c vitest run src/lib/designTokenContrast.test.ts src/components/admin-shell/AdminShellClient.test.tsx src/components/ui/__tests__/multi-select.test.tsx src/scripts/verifyAccessibilityUatEvidence.test.ts src/components/admin-dashboard/projectIndexStates.test.tsx src/components/admin-dashboard/BulkProjectReviewPanel.test.tsx src/components/imports/__tests__/BrowserImportPreviewClient.test.tsx src/components/imports/BrowserImportPreviewClient.browser.test.tsx
